C:/Users/emilm/eclipse-workspace/June Project/JuneProgProject/ProgrammingProjectjune/BaseProject/cmsis/core_cm4.h:1071:22:NVIC_EnableIRQ	16	static
../Src/30010_io.c:11:9:uart_get_char	16	static
../Src/30010_io.c:20:6:uart_put_char	16	static
../Src/30010_io.c:25:5:_write_r	32	static
../Src/30010_io.c:38:6:USART2_IRQHandler	8	static
../Src/30010_io.c:51:6:uart_clear	4	static
../Src/30010_io.c:57:9:uart_get_count	4	static
../Src/30010_io.c:61:6:uart_init	88	static
../Src/30010_io.c:132:6:lcd_transmit_byte	16	static
../Src/30010_io.c:140:6:lcd_push_buffer	24	static
../Src/30010_io.c:189:6:lcd_reset	16	static,ignoring_inline_asm
../Src/30010_io.c:220:6:lcd_init	8	static
