../Src/ansi.c:6:6:fgcolor	24	static
../Src/ansi.c:26:6:bgcolor	16	static
../Src/ansi.c:48:6:color	32	static
../Src/ansi.c:58:6:resetbgcolor	8	static
../Src/ansi.c:64:6:moveToXY	16	static
../Src/ansi.c:67:6:moveUp	16	static
../Src/ansi.c:70:6:moveDown	16	static
../Src/ansi.c:73:6:moveForward	16	static
../Src/ansi.c:76:6:moveBack	16	static
../Src/ansi.c:79:6:savePos	8	static
../Src/ansi.c:82:6:recallPos	8	static
../Src/ansi.c:85:6:resPos	8	static
../Src/ansi.c:90:6:clearCursorToEnd	8	static
../Src/ansi.c:93:6:clearScreenResCurser	8	static
../Src/ansi.c:96:6:clearCursorToEndLine	8	static
../Src/ansi.c:99:6:clearLineResCurser	8	static
