../SPL/src/stm32f30x_rcc.c:189:6:RCC_DeInit	4	static
../SPL/src/stm32f30x_rcc.c:236:6:RCC_HSEConfig	16	static
../SPL/src/stm32f30x_rcc.c:261:13:RCC_WaitForHSEStartUp	16	static
../SPL/src/stm32f30x_rcc.c:295:6:RCC_AdjustHSICalibrationValue	24	static
../SPL/src/stm32f30x_rcc.c:329:6:RCC_HSICmd	16	static
../SPL/src/stm32f30x_rcc.c:354:6:RCC_LSEConfig	16	static
../SPL/src/stm32f30x_rcc.c:380:6:RCC_LSEDriveConfig	16	static
../SPL/src/stm32f30x_rcc.c:404:6:RCC_LSICmd	16	static
../SPL/src/stm32f30x_rcc.c:427:6:RCC_PLLConfig	16	static
../SPL/src/stm32f30x_rcc.c:451:6:RCC_PLLCmd	16	static
../SPL/src/stm32f30x_rcc.c:466:6:RCC_PREDIV1Config	24	static
../SPL/src/stm32f30x_rcc.c:495:6:RCC_ClockSecuritySystemCmd	16	static
../SPL/src/stm32f30x_rcc.c:518:6:RCC_MCOConfig	16	static
../SPL/src/stm32f30x_rcc.c:624:6:RCC_SYSCLKConfig	24	static
../SPL/src/stm32f30x_rcc.c:652:9:RCC_GetSYSCLKSource	4	static
../SPL/src/stm32f30x_rcc.c:677:6:RCC_HCLKConfig	24	static
../SPL/src/stm32f30x_rcc.c:708:6:RCC_PCLK1Config	24	static
../SPL/src/stm32f30x_rcc.c:738:6:RCC_PCLK2Config	24	static
../SPL/src/stm32f30x_rcc.c:795:6:RCC_GetClocksFreq	48	static
../SPL/src/stm32f30x_rcc.c:1106:6:RCC_ADCCLKConfig	24	static
../SPL/src/stm32f30x_rcc.c:1139:6:RCC_I2CCLKConfig	24	static
../SPL/src/stm32f30x_rcc.c:1175:6:RCC_TIMCLKConfig	24	static
../SPL/src/stm32f30x_rcc.c:1209:6:RCC_USARTCLKConfig	24	static
../SPL/src/stm32f30x_rcc.c:1254:6:RCC_USBCLKConfig	16	static
../SPL/src/stm32f30x_rcc.c:1285:6:RCC_RTCCLKConfig	16	static
../SPL/src/stm32f30x_rcc.c:1304:6:RCC_I2SCLKConfig	16	static
../SPL/src/stm32f30x_rcc.c:1320:6:RCC_RTCCLKCmd	16	static
../SPL/src/stm32f30x_rcc.c:1336:6:RCC_BackupResetCmd	16	static
../SPL/src/stm32f30x_rcc.c:1369:6:RCC_AHBPeriphClockCmd	16	static
../SPL/src/stm32f30x_rcc.c:1404:6:RCC_APB2PeriphClockCmd	16	static
../SPL/src/stm32f30x_rcc.c:1449:6:RCC_APB1PeriphClockCmd	16	static
../SPL/src/stm32f30x_rcc.c:1482:6:RCC_AHBPeriphResetCmd	16	static
../SPL/src/stm32f30x_rcc.c:1514:6:RCC_APB2PeriphResetCmd	16	static
../SPL/src/stm32f30x_rcc.c:1556:6:RCC_APB1PeriphResetCmd	16	static
../SPL/src/stm32f30x_rcc.c:1607:6:RCC_ITConfig	16	static
../SPL/src/stm32f30x_rcc.c:1644:12:RCC_GetFlagStatus	32	static
../SPL/src/stm32f30x_rcc.c:1695:6:RCC_ClearFlag	4	static
../SPL/src/stm32f30x_rcc.c:1713:10:RCC_GetITStatus	24	static
../SPL/src/stm32f30x_rcc.c:1745:6:RCC_ClearITPendingBit	16	static
