../SPL/src/stm32f30x_tim.c:199:6:TIM_DeInit	16	static
../SPL/src/stm32f30x_tim.c:267:6:TIM_TimeBaseInit	24	static
../SPL/src/stm32f30x_tim.c:319:6:TIM_TimeBaseStructInit	16	static
../SPL/src/stm32f30x_tim.c:339:6:TIM_PrescalerConfig	16	static
../SPL/src/stm32f30x_tim.c:362:6:TIM_CounterModeConfig	24	static
../SPL/src/stm32f30x_tim.c:388:6:TIM_SetCounter	16	static
../SPL/src/stm32f30x_tim.c:403:6:TIM_SetAutoreload	16	static
../SPL/src/stm32f30x_tim.c:417:10:TIM_GetCounter	16	static
../SPL/src/stm32f30x_tim.c:431:10:TIM_GetPrescaler	16	static
../SPL/src/stm32f30x_tim.c:447:6:TIM_UpdateDisableConfig	16	static
../SPL/src/stm32f30x_tim.c:476:6:TIM_UpdateRequestConfig	16	static
../SPL/src/stm32f30x_tim.c:502:6:TIM_UIFRemap	16	static
../SPL/src/stm32f30x_tim.c:527:6:TIM_ARRPreloadConfig	16	static
../SPL/src/stm32f30x_tim.c:554:6:TIM_SelectOnePulseMode	16	static
../SPL/src/stm32f30x_tim.c:577:6:TIM_SetClockDivision	16	static
../SPL/src/stm32f30x_tim.c:598:6:TIM_Cmd	16	static
../SPL/src/stm32f30x_tim.c:676:6:TIM_OC1Init	32	static
../SPL/src/stm32f30x_tim.c:756:6:TIM_OC2Init	32	static
../SPL/src/stm32f30x_tim.c:837:6:TIM_OC3Init	32	static
../SPL/src/stm32f30x_tim.c:917:6:TIM_OC4Init	32	static
../SPL/src/stm32f30x_tim.c:982:6:TIM_OC5Init	32	static
../SPL/src/stm32f30x_tim.c:1046:6:TIM_OC6Init	32	static
../SPL/src/stm32f30x_tim.c:1110:6:TIM_SelectGC5C1	16	static
../SPL/src/stm32f30x_tim.c:1136:6:TIM_SelectGC5C2	16	static
../SPL/src/stm32f30x_tim.c:1163:6:TIM_SelectGC5C3	16	static
../SPL/src/stm32f30x_tim.c:1187:6:TIM_OCStructInit	16	static
../SPL/src/stm32f30x_tim.c:1229:6:TIM_SelectOCxM	32	static
../SPL/src/stm32f30x_tim.c:1275:6:TIM_SetCompare1	16	static
../SPL/src/stm32f30x_tim.c:1291:6:TIM_SetCompare2	16	static
../SPL/src/stm32f30x_tim.c:1306:6:TIM_SetCompare3	16	static
../SPL/src/stm32f30x_tim.c:1321:6:TIM_SetCompare4	16	static
../SPL/src/stm32f30x_tim.c:1336:6:TIM_SetCompare5	16	static
../SPL/src/stm32f30x_tim.c:1351:6:TIM_SetCompare6	16	static
../SPL/src/stm32f30x_tim.c:1369:6:TIM_ForcedOC1Config	24	static
../SPL/src/stm32f30x_tim.c:1398:6:TIM_ForcedOC2Config	24	static
../SPL/src/stm32f30x_tim.c:1426:6:TIM_ForcedOC3Config	24	static
../SPL/src/stm32f30x_tim.c:1455:6:TIM_ForcedOC4Config	24	static
../SPL/src/stm32f30x_tim.c:1483:6:TIM_ForcedOC5Config	24	static
../SPL/src/stm32f30x_tim.c:1511:6:TIM_ForcedOC6Config	24	static
../SPL/src/stm32f30x_tim.c:1539:6:TIM_OC1PreloadConfig	24	static
../SPL/src/stm32f30x_tim.c:1569:6:TIM_OC2PreloadConfig	24	static
../SPL/src/stm32f30x_tim.c:1598:6:TIM_OC3PreloadConfig	24	static
../SPL/src/stm32f30x_tim.c:1627:6:TIM_OC4PreloadConfig	24	static
../SPL/src/stm32f30x_tim.c:1656:6:TIM_OC5PreloadConfig	24	static
../SPL/src/stm32f30x_tim.c:1685:6:TIM_OC6PreloadConfig	24	static
../SPL/src/stm32f30x_tim.c:1714:6:TIM_OC1FastConfig	24	static
../SPL/src/stm32f30x_tim.c:1745:6:TIM_OC2FastConfig	24	static
../SPL/src/stm32f30x_tim.c:1775:6:TIM_OC3FastConfig	24	static
../SPL/src/stm32f30x_tim.c:1805:6:TIM_OC4FastConfig	24	static
../SPL/src/stm32f30x_tim.c:1835:6:TIM_ClearOC1Ref	24	static
../SPL/src/stm32f30x_tim.c:1865:6:TIM_ClearOC2Ref	24	static
../SPL/src/stm32f30x_tim.c:1894:6:TIM_ClearOC3Ref	24	static
../SPL/src/stm32f30x_tim.c:1923:6:TIM_ClearOC4Ref	24	static
../SPL/src/stm32f30x_tim.c:1952:6:TIM_ClearOC5Ref	24	static
../SPL/src/stm32f30x_tim.c:1981:6:TIM_ClearOC6Ref	24	static
../SPL/src/stm32f30x_tim.c:2010:6:TIM_SelectOCREFClear	16	static
../SPL/src/stm32f30x_tim.c:2030:6:TIM_OC1PolarityConfig	24	static
../SPL/src/stm32f30x_tim.c:2057:6:TIM_OC1NPolarityConfig	24	static
../SPL/src/stm32f30x_tim.c:2084:6:TIM_OC2PolarityConfig	24	static
../SPL/src/stm32f30x_tim.c:2111:6:TIM_OC2NPolarityConfig	24	static
../SPL/src/stm32f30x_tim.c:2138:6:TIM_OC3PolarityConfig	24	static
../SPL/src/stm32f30x_tim.c:2165:6:TIM_OC3NPolarityConfig	24	static
../SPL/src/stm32f30x_tim.c:2192:6:TIM_OC4PolarityConfig	24	static
../SPL/src/stm32f30x_tim.c:2219:6:TIM_OC5PolarityConfig	24	static
../SPL/src/stm32f30x_tim.c:2246:6:TIM_OC6PolarityConfig	24	static
../SPL/src/stm32f30x_tim.c:2279:6:TIM_CCxCmd	24	static
../SPL/src/stm32f30x_tim.c:2309:6:TIM_CCxNCmd	24	static
../SPL/src/stm32f30x_tim.c:2391:6:TIM_ICInit	16	static
../SPL/src/stm32f30x_tim.c:2444:6:TIM_ICStructInit	16	static
../SPL/src/stm32f30x_tim.c:2463:6:TIM_PWMIConfig	24	static
../SPL/src/stm32f30x_tim.c:2520:10:TIM_GetCapture1	16	static
../SPL/src/stm32f30x_tim.c:2535:10:TIM_GetCapture2	16	static
../SPL/src/stm32f30x_tim.c:2549:10:TIM_GetCapture3	16	static
../SPL/src/stm32f30x_tim.c:2563:10:TIM_GetCapture4	16	static
../SPL/src/stm32f30x_tim.c:2583:6:TIM_SetIC1Prescaler	16	static
../SPL/src/stm32f30x_tim.c:2608:6:TIM_SetIC2Prescaler	16	static
../SPL/src/stm32f30x_tim.c:2632:6:TIM_SetIC3Prescaler	16	static
../SPL/src/stm32f30x_tim.c:2656:6:TIM_SetIC4Prescaler	16	static
../SPL/src/stm32f30x_tim.c:2709:6:TIM_BDTRConfig	16	static
../SPL/src/stm32f30x_tim.c:2739:6:TIM_Break1Config	24	static
../SPL/src/stm32f30x_tim.c:2761:6:TIM_Break2Config	24	static
../SPL/src/stm32f30x_tim.c:2781:6:TIM_Break1Cmd	16	static
../SPL/src/stm32f30x_tim.c:2806:6:TIM_Break2Cmd	16	static
../SPL/src/stm32f30x_tim.c:2830:6:TIM_BDTRStructInit	16	static
../SPL/src/stm32f30x_tim.c:2849:6:TIM_CtrlPWMOutputs	16	static
../SPL/src/stm32f30x_tim.c:2874:6:TIM_SelectCOM	16	static
../SPL/src/stm32f30x_tim.c:2899:6:TIM_CCPreloadControl	16	static
../SPL/src/stm32f30x_tim.c:2956:6:TIM_ITConfig	16	static
../SPL/src/stm32f30x_tim.c:2994:6:TIM_GenerateEvent	16	static
../SPL/src/stm32f30x_tim.c:3029:12:TIM_GetFlagStatus	24	static
../SPL/src/stm32f30x_tim.c:3073:6:TIM_ClearFlag	16	static
../SPL/src/stm32f30x_tim.c:3101:10:TIM_GetITStatus	24	static
../SPL/src/stm32f30x_tim.c:3142:6:TIM_ClearITPendingBit	16	static
../SPL/src/stm32f30x_tim.c:3179:6:TIM_DMAConfig	16	static
../SPL/src/stm32f30x_tim.c:3206:6:TIM_DMACmd	16	static
../SPL/src/stm32f30x_tim.c:3232:6:TIM_SelectCCDMA	16	static
../SPL/src/stm32f30x_tim.c:3271:6:TIM_InternalClockConfig	16	static
../SPL/src/stm32f30x_tim.c:3292:6:TIM_ITRxExternalClockConfig	16	static
../SPL/src/stm32f30x_tim.c:3322:6:TIM_TIxExternalClockConfig	24	static
../SPL/src/stm32f30x_tim.c:3362:6:TIM_ETRClockMode1Config	32	static
../SPL/src/stm32f30x_tim.c:3409:6:TIM_ETRClockMode2Config	24	static
../SPL/src/stm32f30x_tim.c:3476:6:TIM_SelectInputTrigger	24	static
../SPL/src/stm32f30x_tim.c:3519:6:TIM_SelectOutputTrigger	16	static
../SPL/src/stm32f30x_tim.c:3557:6:TIM_SelectOutputTrigger2	16	static
../SPL/src/stm32f30x_tim.c:3584:6:TIM_SelectSlaveMode	16	static
../SPL/src/stm32f30x_tim.c:3607:6:TIM_SelectMasterSlaveMode	16	static
../SPL/src/stm32f30x_tim.c:3637:6:TIM_ETRConfig	32	static
../SPL/src/stm32f30x_tim.c:3695:6:TIM_EncoderInterfaceConfig	32	static
../SPL/src/stm32f30x_tim.c:3747:6:TIM_SelectHallSensor	16	static
../SPL/src/stm32f30x_tim.c:3803:6:TIM_RemapConfig	16	static
../SPL/src/stm32f30x_tim.c:3834:13:TI1_Config	32	static
../SPL/src/stm32f30x_tim.c:3875:13:TI2_Config	40	static
../SPL/src/stm32f30x_tim.c:3917:13:TI3_Config	32	static
../SPL/src/stm32f30x_tim.c:3958:13:TI4_Config	32	static
