../SPL/src/stm32f30x_i2c.c:145:6:I2C_DeInit	16	static
../SPL/src/stm32f30x_i2c.c:174:6:I2C_Init	24	static
../SPL/src/stm32f30x_i2c.c:253:6:I2C_StructInit	16	static
../SPL/src/stm32f30x_i2c.c:279:6:I2C_Cmd	16	static
../SPL/src/stm32f30x_i2c.c:302:6:I2C_SoftwareResetCmd	16	static
../SPL/src/stm32f30x_i2c.c:334:6:I2C_ITConfig	24	static
../SPL/src/stm32f30x_i2c.c:360:6:I2C_StretchClockCmd	16	static
../SPL/src/stm32f30x_i2c.c:385:6:I2C_StopModeCmd	16	static
../SPL/src/stm32f30x_i2c.c:410:6:I2C_DualAddressCmd	16	static
../SPL/src/stm32f30x_i2c.c:444:6:I2C_OwnAddress2Config	24	static
../SPL/src/stm32f30x_i2c.c:474:6:I2C_GeneralCallCmd	16	static
../SPL/src/stm32f30x_i2c.c:499:6:I2C_SlaveByteControlCmd	16	static
../SPL/src/stm32f30x_i2c.c:524:6:I2C_SlaveAddressConfig	24	static
../SPL/src/stm32f30x_i2c.c:553:6:I2C_10BitAddressingModeCmd	16	static
../SPL/src/stm32f30x_i2c.c:618:6:I2C_AutoEndCmd	16	static
../SPL/src/stm32f30x_i2c.c:643:6:I2C_ReloadCmd	16	static
../SPL/src/stm32f30x_i2c.c:667:6:I2C_NumberOfBytesConfig	24	static
../SPL/src/stm32f30x_i2c.c:696:6:I2C_MasterRequestConfig	16	static
../SPL/src/stm32f30x_i2c.c:722:6:I2C_GenerateSTART	16	static
../SPL/src/stm32f30x_i2c.c:747:6:I2C_GenerateSTOP	16	static
../SPL/src/stm32f30x_i2c.c:774:6:I2C_10BitAddressHeaderCmd	16	static
../SPL/src/stm32f30x_i2c.c:799:6:I2C_AcknowledgeConfig	16	static
../SPL/src/stm32f30x_i2c.c:822:9:I2C_GetAddressMatched	16	static
../SPL/src/stm32f30x_i2c.c:836:10:I2C_GetTransferDirection	24	static
../SPL/src/stm32f30x_i2c.c:880:6:I2C_TransferHandling	32	static
../SPL/src/stm32f30x_i2c.c:951:6:I2C_SMBusAlertCmd	16	static
../SPL/src/stm32f30x_i2c.c:976:6:I2C_ClockTimeoutCmd	16	static
../SPL/src/stm32f30x_i2c.c:1001:6:I2C_ExtendedClockTimeoutCmd	16	static
../SPL/src/stm32f30x_i2c.c:1027:6:I2C_IdleClockTimeoutCmd	16	static
../SPL/src/stm32f30x_i2c.c:1052:6:I2C_TimeoutAConfig	24	static
../SPL/src/stm32f30x_i2c.c:1079:6:I2C_TimeoutBConfig	24	static
../SPL/src/stm32f30x_i2c.c:1107:6:I2C_CalculatePEC	16	static
../SPL/src/stm32f30x_i2c.c:1132:6:I2C_PECRequestCmd	16	static
../SPL/src/stm32f30x_i2c.c:1155:9:I2C_GetPEC	16	static
../SPL/src/stm32f30x_i2c.c:1201:10:I2C_ReadRegister	24	static
../SPL/src/stm32f30x_i2c.c:1244:6:I2C_SendData	16	static
../SPL/src/stm32f30x_i2c.c:1258:9:I2C_ReceiveData	16	static
../SPL/src/stm32f30x_i2c.c:1301:6:I2C_DMACmd	24	static
../SPL/src/stm32f30x_i2c.c:1421:12:I2C_GetFlagStatus	24	static
../SPL/src/stm32f30x_i2c.c:1465:6:I2C_ClearFlag	16	static
../SPL/src/stm32f30x_i2c.c:1495:10:I2C_GetITStatus	32	static
../SPL/src/stm32f30x_i2c.c:1559:6:I2C_ClearITPendingBit	16	static
