../SPL/src/stm32f30x_adc.c:139:6:ADC_DeInit	16	static
../SPL/src/stm32f30x_adc.c:168:6:ADC_Init	24	static
../SPL/src/stm32f30x_adc.c:218:6:ADC_StructInit	16	static
../SPL/src/stm32f30x_adc.c:239:6:ADC_InjectedInit	24	static
../SPL/src/stm32f30x_adc.c:276:6:ADC_InjectedStructInit	16	static
../SPL/src/stm32f30x_adc.c:295:6:ADC_CommonInit	24	static
../SPL/src/stm32f30x_adc.c:353:6:ADC_CommonStructInit	16	static
../SPL/src/stm32f30x_adc.c:379:6:ADC_Cmd	16	static
../SPL/src/stm32f30x_adc.c:402:6:ADC_StartCalibration	16	static
../SPL/src/stm32f30x_adc.c:416:10:ADC_GetCalibrationValue	16	static
../SPL/src/stm32f30x_adc.c:430:6:ADC_SetCalibrationValue	16	static
../SPL/src/stm32f30x_adc.c:448:6:ADC_SelectCalibrationMode	16	static
../SPL/src/stm32f30x_adc.c:464:12:ADC_GetCalibrationStatus	24	static
../SPL/src/stm32f30x_adc.c:489:6:ADC_DisableCmd	16	static
../SPL/src/stm32f30x_adc.c:504:12:ADC_GetDisableCmdStatus	24	static
../SPL/src/stm32f30x_adc.c:532:6:ADC_VoltageRegulatorCmd	16	static
../SPL/src/stm32f30x_adc.c:576:6:ADC_SelectDifferentialMode	16	static
../SPL/src/stm32f30x_adc.c:602:6:ADC_SelectQueueOfContextMode	16	static
../SPL/src/stm32f30x_adc.c:627:6:ADC_AutoDelayCmd	16	static
../SPL/src/stm32f30x_adc.c:694:6:ADC_AnalogWatchdogCmd	24	static
../SPL/src/stm32f30x_adc.c:719:6:ADC_AnalogWatchdog1ThresholdsConfig	16	static
../SPL/src/stm32f30x_adc.c:744:6:ADC_AnalogWatchdog2ThresholdsConfig	16	static
../SPL/src/stm32f30x_adc.c:768:6:ADC_AnalogWatchdog3ThresholdsConfig	16	static
../SPL/src/stm32f30x_adc.c:808:6:ADC_AnalogWatchdog1SingleChannelConfig	24	static
../SPL/src/stm32f30x_adc.c:849:6:ADC_AnalogWatchdog2SingleChannelConfig	24	static
../SPL/src/stm32f30x_adc.c:890:6:ADC_AnalogWatchdog3SingleChannelConfig	24	static
../SPL/src/stm32f30x_adc.c:948:6:ADC_TempSensorCmd	16	static
../SPL/src/stm32f30x_adc.c:989:6:ADC_VrefintCmd	16	static
../SPL/src/stm32f30x_adc.c:1030:6:ADC_VbatCmd	16	static
../SPL/src/stm32f30x_adc.c:1162:6:ADC_RegularChannelConfig	24	static
../SPL/src/stm32f30x_adc.c:1269:6:ADC_RegularChannelSequencerLengthConfig	16	static
../SPL/src/stm32f30x_adc.c:1309:6:ADC_ExternalTriggerConfig	16	static
../SPL/src/stm32f30x_adc.c:1326:6:ADC_StartConversion	16	static
../SPL/src/stm32f30x_adc.c:1340:12:ADC_GetStartConversionStatus	24	static
../SPL/src/stm32f30x_adc.c:1365:6:ADC_StopConversion	16	static
../SPL/src/stm32f30x_adc.c:1383:6:ADC_DiscModeChannelCountConfig	24	static
../SPL/src/stm32f30x_adc.c:1410:6:ADC_DiscModeCmd	16	static
../SPL/src/stm32f30x_adc.c:1432:10:ADC_GetConversionValue	16	static
../SPL/src/stm32f30x_adc.c:1449:10:ADC_GetDualModeConversionValue	24	static
../SPL/src/stm32f30x_adc.c:1497:6:ADC_SetChannelOffset1	16	static
../SPL/src/stm32f30x_adc.c:1540:6:ADC_SetChannelOffset2	16	static
../SPL/src/stm32f30x_adc.c:1583:6:ADC_SetChannelOffset3	16	static
../SPL/src/stm32f30x_adc.c:1626:6:ADC_SetChannelOffset4	16	static
../SPL/src/stm32f30x_adc.c:1649:6:ADC_ChannelOffset1Cmd	16	static
../SPL/src/stm32f30x_adc.c:1674:6:ADC_ChannelOffset2Cmd	16	static
../SPL/src/stm32f30x_adc.c:1699:6:ADC_ChannelOffset3Cmd	16	static
../SPL/src/stm32f30x_adc.c:1724:6:ADC_ChannelOffset4Cmd	16	static
../SPL/src/stm32f30x_adc.c:1775:6:ADC_DMACmd	16	static
../SPL/src/stm32f30x_adc.c:1799:6:ADC_DMAConfig	16	static
../SPL/src/stm32f30x_adc.c:1872:6:ADC_InjectedChannelSampleTimeConfig	24	static
../SPL/src/stm32f30x_adc.c:1911:6:ADC_StartInjectedConversion	16	static
../SPL/src/stm32f30x_adc.c:1926:6:ADC_StopInjectedConversion	16	static
../SPL/src/stm32f30x_adc.c:1940:12:ADC_GetStartInjectedConversionStatus	24	static
../SPL/src/stm32f30x_adc.c:1969:6:ADC_AutoInjectedConvCmd	16	static
../SPL/src/stm32f30x_adc.c:1995:6:ADC_InjectedDiscModeCmd	16	static
../SPL/src/stm32f30x_adc.c:2023:10:ADC_GetInjectedConversionValue	24	static
../SPL/src/stm32f30x_adc.c:2156:6:ADC_ITConfig	24	static
../SPL/src/stm32f30x_adc.c:2193:12:ADC_GetFlagStatus	24	static
../SPL/src/stm32f30x_adc.c:2233:6:ADC_ClearFlag	16	static
../SPL/src/stm32f30x_adc.c:2271:12:ADC_GetCommonFlagStatus	24	static
../SPL/src/stm32f30x_adc.c:2332:6:ADC_ClearCommonFlag	16	static
../SPL/src/stm32f30x_adc.c:2368:10:ADC_GetITStatus	24	static
../SPL/src/stm32f30x_adc.c:2408:6:ADC_ClearITPendingBit	16	static
