../SPL/src/stm32f30x_usart.c:173:6:USART_DeInit	16	static
../SPL/src/stm32f30x_usart.c:217:6:USART_Init	88	static
../SPL/src/stm32f30x_usart.c:338:6:USART_StructInit	16	static
../SPL/src/stm32f30x_usart.c:359:6:USART_ClockInit	24	static
../SPL/src/stm32f30x_usart.c:389:6:USART_ClockStructInit	16	static
../SPL/src/stm32f30x_usart.c:406:6:USART_Cmd	16	static
../SPL/src/stm32f30x_usart.c:436:6:USART_DirectionModeCmd	24	static
../SPL/src/stm32f30x_usart.c:468:6:USART_OverSampling8Cmd	16	static
../SPL/src/stm32f30x_usart.c:496:6:USART_OneBitMethodCmd	16	static
../SPL/src/stm32f30x_usart.c:526:6:USART_MSBFirstCmd	16	static
../SPL/src/stm32f30x_usart.c:560:6:USART_DataInvCmd	16	static
../SPL/src/stm32f30x_usart.c:596:6:USART_InvPinCmd	24	static
../SPL/src/stm32f30x_usart.c:629:6:USART_SWAPPinCmd	16	static
../SPL/src/stm32f30x_usart.c:655:6:USART_ReceiverTimeOutCmd	16	static
../SPL/src/stm32f30x_usart.c:682:6:USART_SetReceiverTimeOut	16	static
../SPL/src/stm32f30x_usart.c:705:6:USART_SetPrescaler	16	static
../SPL/src/stm32f30x_usart.c:754:6:USART_STOPModeCmd	16	static
../SPL/src/stm32f30x_usart.c:787:6:USART_StopModeWakeUpSourceConfig	16	static
../SPL/src/stm32f30x_usart.c:838:6:USART_AutoBaudRateCmd	16	static
../SPL/src/stm32f30x_usart.c:872:6:USART_AutoBaudRateConfig	16	static
../SPL/src/stm32f30x_usart.c:915:6:USART_SendData	16	static
../SPL/src/stm32f30x_usart.c:931:10:USART_ReceiveData	16	static
../SPL/src/stm32f30x_usart.c:981:6:USART_SetAddress	16	static
../SPL/src/stm32f30x_usart.c:1000:6:USART_MuteModeCmd	16	static
../SPL/src/stm32f30x_usart.c:1028:6:USART_MuteModeWakeUpConfig	16	static
../SPL/src/stm32f30x_usart.c:1048:6:USART_AddressDetectionConfig	16	static
../SPL/src/stm32f30x_usart.c:1113:6:USART_LINBreakDetectLengthConfig	16	static
../SPL/src/stm32f30x_usart.c:1131:6:USART_LINCmd	16	static
../SPL/src/stm32f30x_usart.c:1189:6:USART_HalfDuplexCmd	16	static
../SPL/src/stm32f30x_usart.c:1270:6:USART_SetGuardTime	16	static
../SPL/src/stm32f30x_usart.c:1289:6:USART_SmartCardCmd	16	static
../SPL/src/stm32f30x_usart.c:1314:6:USART_SmartCardNACKCmd	16	static
../SPL/src/stm32f30x_usart.c:1338:6:USART_SetAutoRetryCount	16	static
../SPL/src/stm32f30x_usart.c:1356:6:USART_SetBlockLength	16	static
../SPL/src/stm32f30x_usart.c:1419:6:USART_IrDAConfig	16	static
../SPL/src/stm32f30x_usart.c:1437:6:USART_IrDACmd	16	static
../SPL/src/stm32f30x_usart.c:1495:6:USART_DECmd	16	static
../SPL/src/stm32f30x_usart.c:1522:6:USART_DEPolarityConfig	16	static
../SPL/src/stm32f30x_usart.c:1540:6:USART_SetDEAssertionTime	16	static
../SPL/src/stm32f30x_usart.c:1560:6:USART_SetDEDeassertionTime	16	static
../SPL/src/stm32f30x_usart.c:1607:6:USART_DMACmd	24	static
../SPL/src/stm32f30x_usart.c:1640:6:USART_DMAReceptionErrorConfig	16	static
../SPL/src/stm32f30x_usart.c:1773:6:USART_ITConfig	40	static
../SPL/src/stm32f30x_usart.c:1827:6:USART_RequestCmd	24	static
../SPL/src/stm32f30x_usart.c:1860:6:USART_OverrunDetectionConfig	16	static
../SPL/src/stm32f30x_usart.c:1902:12:USART_GetFlagStatus	24	static
../SPL/src/stm32f30x_usart.c:1953:6:USART_ClearFlag	16	static
../SPL/src/stm32f30x_usart.c:1984:10:USART_GetITStatus	32	static
../SPL/src/stm32f30x_usart.c:2056:6:USART_ClearITPendingBit	24	static
