../SPL/src/stm32f30x_flash.c:131:6:FLASH_SetLatency	24	static
../SPL/src/stm32f30x_flash.c:157:6:FLASH_HalfCycleAccessCmd	16	static
../SPL/src/stm32f30x_flash.c:178:6:FLASH_PrefetchBufferCmd	16	static
../SPL/src/stm32f30x_flash.c:228:6:FLASH_Unlock	4	static
../SPL/src/stm32f30x_flash.c:243:6:FLASH_Lock	4	static
../SPL/src/stm32f30x_flash.c:261:14:FLASH_ErasePage	24	static
../SPL/src/stm32f30x_flash.c:299:14:FLASH_EraseAllPages	16	static
../SPL/src/stm32f30x_flash.c:334:14:FLASH_ProgramWord	24	static
../SPL/src/stm32f30x_flash.c:392:14:FLASH_ProgramHalfWord	24	static
../SPL/src/stm32f30x_flash.c:483:6:FLASH_OB_Unlock	4	static
../SPL/src/stm32f30x_flash.c:498:6:FLASH_OB_Lock	4	static
../SPL/src/stm32f30x_flash.c:509:6:FLASH_OB_Launch	4	static
../SPL/src/stm32f30x_flash.c:522:14:FLASH_OB_Erase	16	static
../SPL/src/stm32f30x_flash.c:592:14:FLASH_OB_EnableWRP	24	static
../SPL/src/stm32f30x_flash.c:651:14:FLASH_OB_RDPConfig	24	static
../SPL/src/stm32f30x_flash.c:716:14:FLASH_OB_UserConfig	24	static
../SPL/src/stm32f30x_flash.c:760:14:FLASH_OB_BOOTConfig	24	static
../SPL/src/stm32f30x_flash.c:802:14:FLASH_OB_VDDAConfig	24	static
../SPL/src/stm32f30x_flash.c:844:14:FLASH_OB_SRAMParityConfig	24	static
../SPL/src/stm32f30x_flash.c:890:14:FLASH_OB_WriteUser	24	static
../SPL/src/stm32f30x_flash.c:934:14:FLASH_ProgramOptionByteData	24	static
../SPL/src/stm32f30x_flash.c:965:9:FLASH_OB_GetUser	4	static
../SPL/src/stm32f30x_flash.c:976:10:FLASH_OB_GetWRP	4	static
../SPL/src/stm32f30x_flash.c:987:12:FLASH_OB_GetRDP	16	static
../SPL/src/stm32f30x_flash.c:1027:6:FLASH_ITConfig	16	static
../SPL/src/stm32f30x_flash.c:1055:12:FLASH_GetFlagStatus	24	static
../SPL/src/stm32f30x_flash.c:1083:6:FLASH_ClearFlag	16	static
../SPL/src/stm32f30x_flash.c:1098:14:FLASH_GetStatus	16	static
../SPL/src/stm32f30x_flash.c:1134:14:FLASH_WaitForLastOperation	24	static
