../SPL/src/stm32f30x_rtc.c:328:13:RTC_DeInit	24	static
../SPL/src/stm32f30x_rtc.c:411:13:RTC_Init	24	static
../SPL/src/stm32f30x_rtc.c:457:6:RTC_StructInit	16	static
../SPL/src/stm32f30x_rtc.c:479:6:RTC_WriteProtectionCmd	16	static
../SPL/src/stm32f30x_rtc.c:506:13:RTC_EnterInitMode	24	static
../SPL/src/stm32f30x_rtc.c:551:6:RTC_ExitInitMode	4	static
../SPL/src/stm32f30x_rtc.c:573:13:RTC_WaitForSynchro	24	static
../SPL/src/stm32f30x_rtc.c:624:13:RTC_RefClockCmd	24	static
../SPL/src/stm32f30x_rtc.c:672:6:RTC_BypassShadowCmd	16	static
../SPL/src/stm32f30x_rtc.c:726:13:RTC_SetTime	32	static
../SPL/src/stm32f30x_rtc.c:830:6:RTC_TimeStructInit	16	static
../SPL/src/stm32f30x_rtc.c:849:6:RTC_GetTime	24	static
../SPL/src/stm32f30x_rtc.c:882:10:RTC_GetSubSecond	16	static
../SPL/src/stm32f30x_rtc.c:907:13:RTC_SetDate	32	static
../SPL/src/stm32f30x_rtc.c:998:6:RTC_DateStructInit	16	static
../SPL/src/stm32f30x_rtc.c:1017:6:RTC_GetDate	24	static
../SPL/src/stm32f30x_rtc.c:1077:6:RTC_SetAlarm	40	static
../SPL/src/stm32f30x_rtc.c:1188:6:RTC_AlarmStructInit	16	static
../SPL/src/stm32f30x_rtc.c:1218:6:RTC_GetAlarm	32	static
../SPL/src/stm32f30x_rtc.c:1272:13:RTC_AlarmCmd	32	static
../SPL/src/stm32f30x_rtc.c:1366:6:RTC_AlarmSubSecondConfig	32	static
../SPL/src/stm32f30x_rtc.c:1407:10:RTC_GetAlarmSubSecond	24	static
../SPL/src/stm32f30x_rtc.c:1455:6:RTC_WakeUpClockConfig	16	static
../SPL/src/stm32f30x_rtc.c:1482:6:RTC_SetWakeUpCounter	16	static
../SPL/src/stm32f30x_rtc.c:1503:10:RTC_GetWakeUpCounter	4	static
../SPL/src/stm32f30x_rtc.c:1515:13:RTC_WakeUpCmd	32	static
../SPL/src/stm32f30x_rtc.c:1591:6:RTC_DayLightSavingConfig	16	static
../SPL/src/stm32f30x_rtc.c:1618:10:RTC_GetStoreOperation	4	static
../SPL/src/stm32f30x_rtc.c:1656:6:RTC_OutputConfig	16	static
../SPL/src/stm32f30x_rtc.c:1699:6:RTC_CalibOutputCmd	16	static
../SPL/src/stm32f30x_rtc.c:1731:6:RTC_CalibOutputConfig	16	static
../SPL/src/stm32f30x_rtc.c:1767:13:RTC_SmoothCalibConfig	32	static
../SPL/src/stm32f30x_rtc.c:1843:6:RTC_TimeStampCmd	24	static
../SPL/src/stm32f30x_rtc.c:1887:6:RTC_GetTimeStamp	32	static
../SPL/src/stm32f30x_rtc.c:1931:10:RTC_GetTimeStampSubSecond	4	static
../SPL/src/stm32f30x_rtc.c:1969:6:RTC_TamperTriggerConfig	16	static
../SPL/src/stm32f30x_rtc.c:1999:6:RTC_TamperCmd	16	static
../SPL/src/stm32f30x_rtc.c:2030:6:RTC_TamperFilterConfig	16	static
../SPL/src/stm32f30x_rtc.c:2064:6:RTC_TamperSamplingFreqConfig	16	static
../SPL/src/stm32f30x_rtc.c:2087:6:RTC_TamperPinsPrechargeDuration	16	static
../SPL/src/stm32f30x_rtc.c:2107:6:RTC_TimeStampOnTamperDetectionCmd	16	static
../SPL/src/stm32f30x_rtc.c:2130:6:RTC_TamperPullUpCmd	16	static
../SPL/src/stm32f30x_rtc.c:2171:6:RTC_WriteBackupRegister	24	static
../SPL/src/stm32f30x_rtc.c:2192:10:RTC_ReadBackupRegister	24	static
../SPL/src/stm32f30x_rtc.c:2232:6:RTC_OutputTypeConfig	16	static
../SPL/src/stm32f30x_rtc.c:2270:13:RTC_SynchroShiftConfig	24	static
../SPL/src/stm32f30x_rtc.c:2386:6:RTC_ITConfig	16	static
../SPL/src/stm32f30x_rtc.c:2436:12:RTC_GetFlagStatus	24	static
../SPL/src/stm32f30x_rtc.c:2474:6:RTC_ClearFlag	16	static
../SPL/src/stm32f30x_rtc.c:2496:10:RTC_GetITStatus	32	static
../SPL/src/stm32f30x_rtc.c:2538:6:RTC_ClearITPendingBit	24	static
../SPL/src/stm32f30x_rtc.c:2561:16:RTC_ByteToBcd2	24	static
../SPL/src/stm32f30x_rtc.c:2579:16:RTC_Bcd2ToByte	24	static
